../Src/main.c:62:5:main	8	static
../Src/main.c:84:6:idle_task	4	static
../Src/main.c:89:6:task1_handler	8	static
../Src/main.c:101:6:task2_handler	8	static
../Src/main.c:113:6:task3_handler	8	static
../Src/main.c:124:6:task4_handler	8	static
../Src/main.c:137:6:init_systick_timer	32	static
../Src/main.c:160:29:init_scheduler_stack	0	static,ignoring_inline_asm
../Src/main.c:170:6:init_tasks_stack	24	static
../Src/main.c:218:6:enable_rpocessor_faults	16	static
../Src/main.c:228:6:HardFault_Handler	8	static
../Src/main.c:235:6:MemManage_Handler	8	static
../Src/main.c:241:6:BusFault_Handler	8	static
../Src/main.c:247:10:get_psp_value	4	static
../Src/main.c:253:6:save_psp_value	16	static
../Src/main.c:258:6:update_next_task	16	static
../Src/main.c:275:30:switch_sp_to_psp	0	static,ignoring_inline_asm
../Src/main.c:289:6:schedule	16	static
../Src/main.c:296:6:task_delay	16	static,ignoring_inline_asm
../Src/main.c:313:30:PendSV_Handler	0	static,ignoring_inline_asm
../Src/main.c:345:6:update_global_tick_count	4	static
../Src/main.c:350:6:unblock_tasks	16	static
../Src/main.c:364:6:SysTick_Handler	16	static
